****************************************************************
  Sure Independence Screening and Sparsifying Operator (SISSO)  
             Version SISSO.3.5, August, 2024.                
****************************************************************

Read in data from train.dat
Standard Deviation (sqrt[sum(y-y_mean)^2/n]) of the target property:  98.50801
Read in data from SISSO.in
Property type:     1
Number of tasks:        1
Descriptor dimension:        2
Number of samples for the task(s):     42
Restarts :  0
Scheme for feature storing in memory:        1
Number of scalar features:       21
Tier of the feature space (max depth of expression tree):        3
Maximal feature complexity (number of operators in a feature):        6
Unit of input primary feature, each represented by a row vector: 
    1.00
    1.00
    1.00
    1.00
    1.00
    1.00
    1.00
    1.00
    1.00
    1.00
    1.00
    1.00
    1.00
    1.00
    1.00
    1.00
    1.00
    1.00
    1.00
    1.00
    1.00
The feature will be discarded if the minimum of the maximal abs. value in it <    0.10000E-02
The faature will be discarded if the maximum of the maximal abs. value in it >     0.10000E+06
Size of the SIS-selected (single) subspace :  10000 10000
Operators for feature construction: (+)(-)(*) (+)(-)(*) (+)(-)(*) 
Method for sparse regression:  L0        
Fitting intercept:      T
Metric for model selection: RMSE
Number of the top-ranked models to output:      100
--------------------------------------------------------------------------------

Dimension:   1
-------------------
Feature Construction (FC) starts ...
Total number of features in the space Phi00:             21
Total number of features in the space Phi01:            769
Total number of features in the space Phi02:         271233
Total number of features in the space Phi03:     8601583268
Size of the SIS-selected subspace from Phi03:      10000
Time (second) used for this FC:          850.68

Descriptor Identification (DI) starts ...
Total number of SIS-selected features for this DI:      10000
Time (second) used for this DI:            0.10

Dimension:   2
-------------------
Feature Construction (FC) starts ...
Total number of features in the space Phi00:             21
Total number of features in the space Phi01:            769
Total number of features in the space Phi02:         271233
Total number of features in the space Phi03:     8601583268
Size of the SIS-selected subspace from Phi03:      10000
Time (second) used for this FC:          840.37

Descriptor Identification (DI) starts ...
Total number of SIS-selected features for this DI:      20000
 
  2D descriptor/model(y=sum(ci*di)+c0) : 
================================================================================
     d001 = (((feature10+feature19)-(feature12-feature2))+((feature20-feature18)+feature7))    feature_ID:004233
     d002 = (((feature13-feature15)+feature2)*((feature15+feature21)-(feature18+feature19)))    feature_ID:010115
 
        coeff.(ci):    -0.1345359124E+03    0.2609491645E+03
                c0:     0.3425623205E+03
    RMSE and MaxAE:     0.2388317008E+02    0.7688797132E+02
================================================================================
Time (second) used for this DI:           26.64
Total time (second):         1718.21
Have a nice day !    

