****************************************************************
  Sure Independence Screening and Sparsifying Operator (SISSO)  
             Version SISSO.3.5, August, 2024.                
****************************************************************

Read in data from train.dat
Standard Deviation (sqrt[sum(y-y_mean)^2/n]) of the target property:   8.30927
Read in data from SISSO.in
Property type:     1
Number of tasks:        1
Descriptor dimension:        2
Number of samples for the task(s):     42
Restarts :  0
Scheme for feature storing in memory:        1
Number of scalar features:       23
Tier of the feature space (max depth of expression tree):        3
Maximal feature complexity (number of operators in a feature):        6
Unit of input primary feature, each represented by a row vector: 
    1.00
    1.00
    1.00
    1.00
    1.00
    1.00
    1.00
    1.00
    1.00
    1.00
    1.00
    1.00
    1.00
    1.00
    1.00
    1.00
    1.00
    1.00
    1.00
    1.00
    1.00
    1.00
    1.00
The feature will be discarded if the minimum of the maximal abs. value in it <    0.10000E-02
The faature will be discarded if the maximum of the maximal abs. value in it >     0.10000E+06
Size of the SIS-selected (single) subspace :  10000 10000
Operators for feature construction: (+)(-)(*) (+)(-)(*) (+)(-)(*) 
Method for sparse regression:  L0        
Fitting intercept:      T
Metric for model selection: RMSE
Number of the top-ranked models to output:      100
--------------------------------------------------------------------------------

Dimension:   1
-------------------
Feature Construction (FC) starts ...
Total number of features in the space Phi00:             23
Total number of features in the space Phi01:            916
Total number of features in the space Phi02:         372216
Total number of features in the space Phi03:    15218437135
Size of the SIS-selected subspace from Phi03:      10000
Time (second) used for this FC:         1563.32

Descriptor Identification (DI) starts ...
Total number of SIS-selected features for this DI:      10000
Time (second) used for this DI:            0.10

Dimension:   2
-------------------
Feature Construction (FC) starts ...
Total number of features in the space Phi00:             23
Total number of features in the space Phi01:            916
Total number of features in the space Phi02:         372216
Total number of features in the space Phi03:    15218437135
Size of the SIS-selected subspace from Phi03:      10000
Time (second) used for this FC:         1579.68

Descriptor Identification (DI) starts ...
Total number of SIS-selected features for this DI:      20000
 
  2D descriptor/model(y=sum(ci*di)+c0) : 
================================================================================
     d001 = (((feature3+feature22)*(feature15+feature17))*((feature14+feature23)-feature21))    feature_ID:000069
     d002 = (((feature8+feature22)*(feature16+feature17))+((feature9+feature23)*feature23))    feature_ID:015445
 
        coeff.(ci):     0.4238639960E+02   -0.7850056835E+01
                c0:     0.9712781791E+01
    RMSE and MaxAE:     0.2100006836E+01    0.7405947532E+01
================================================================================
Time (second) used for this DI:           28.01
Total time (second):         3172.67
Have a nice day !    

