****************************************************************
  Sure Independence Screening and Sparsifying Operator (SISSO)  
             Version SISSO.3.5, August, 2024.                
****************************************************************

Read in data from train.dat
Standard Deviation (sqrt[sum(y-y_mean)^2/n]) of the target property: 101.20691
Read in data from SISSO.in
Property type:     1
Number of tasks:        1
Descriptor dimension:        2
Number of samples for the task(s):     42
Restarts :  0
Scheme for feature storing in memory:        1
Number of scalar features:       17
Tier of the feature space (max depth of expression tree):        3
Maximal feature complexity (number of operators in a feature):        6
Unit of input primary feature, each represented by a row vector: 
    1.00
    1.00
    1.00
    1.00
    1.00
    1.00
    1.00
    1.00
    1.00
    1.00
    1.00
    1.00
    1.00
    1.00
    1.00
    1.00
    1.00
The feature will be discarded if the minimum of the maximal abs. value in it <    0.10000E-02
The faature will be discarded if the maximum of the maximal abs. value in it >     0.10000E+06
Size of the SIS-selected (single) subspace :  10000 10000
Operators for feature construction: (+)(-)(*) (+)(-)(*) (+)(-)(*) 
Method for sparse regression:  L0        
Fitting intercept:      T
Metric for model selection: RMSE
Number of the top-ranked models to output:      100
--------------------------------------------------------------------------------

Dimension:   1
-------------------
Feature Construction (FC) starts ...
Total number of features in the space Phi00:             17
Total number of features in the space Phi01:            500
Total number of features in the space Phi02:         116315
Total number of features in the space Phi03:     1951592921
Size of the SIS-selected subspace from Phi03:      10000
Time (second) used for this FC:          210.21

Descriptor Identification (DI) starts ...
Total number of SIS-selected features for this DI:      10000
Time (second) used for this DI:            0.13

Dimension:   2
-------------------
Feature Construction (FC) starts ...
Total number of features in the space Phi00:             17
Total number of features in the space Phi01:            500
Total number of features in the space Phi02:         116315
Total number of features in the space Phi03:     1951592921
Size of the SIS-selected subspace from Phi03:      10000
Time (second) used for this FC:          210.82

Descriptor Identification (DI) starts ...
Total number of SIS-selected features for this DI:      20000
 
  2D descriptor/model(y=sum(ci*di)+c0) : 
================================================================================
     d001 = (((feature1+feature17)+(feature2+feature6))-((feature10+feature13)+feature10))    feature_ID:000004
     d002 = (((feature12+feature13)-(feature17-feature7))*((feature10+feature11)-feature15))    feature_ID:012034
 
        coeff.(ci):    -0.1021572741E+03    0.1799951953E+03
                c0:     0.2251768181E+03
    RMSE and MaxAE:     0.3243374592E+02    0.1022624126E+03
================================================================================
Time (second) used for this DI:           29.91
Total time (second):          451.25
Have a nice day !    

