****************************************************************
  Sure Independence Screening and Sparsifying Operator (SISSO)  
             Version SISSO.3.5, August, 2024.                
****************************************************************

Read in data from train.dat
Standard Deviation (sqrt[sum(y-y_mean)^2/n]) of the target property:   9.23924
Read in data from SISSO.in
Property type:     1
Number of tasks:        1
Descriptor dimension:        2
Number of samples for the task(s):     42
Restarts :  0
Scheme for feature storing in memory:        1
Number of scalar features:       21
Tier of the feature space (max depth of expression tree):        3
Maximal feature complexity (number of operators in a feature):        6
Unit of input primary feature, each represented by a row vector: 
    1.00
    1.00
    1.00
    1.00
    1.00
    1.00
    1.00
    1.00
    1.00
    1.00
    1.00
    1.00
    1.00
    1.00
    1.00
    1.00
    1.00
    1.00
    1.00
    1.00
    1.00
The feature will be discarded if the minimum of the maximal abs. value in it <    0.10000E-02
The faature will be discarded if the maximum of the maximal abs. value in it >     0.10000E+06
Size of the SIS-selected (single) subspace :  10000 10000
Operators for feature construction: (+)(-)(*) (+)(-)(*) (+)(-)(*) 
Method for sparse regression:  L0        
Fitting intercept:      T
Metric for model selection: RMSE
Number of the top-ranked models to output:      100
--------------------------------------------------------------------------------

Dimension:   1
-------------------
Feature Construction (FC) starts ...
Total number of features in the space Phi00:             21
Total number of features in the space Phi01:            768
Total number of features in the space Phi02:         272105
Total number of features in the space Phi03:     8644682354
Size of the SIS-selected subspace from Phi03:      10000
Time (second) used for this FC:          941.67

Descriptor Identification (DI) starts ...
Total number of SIS-selected features for this DI:      10000
Time (second) used for this DI:            0.12

Dimension:   2
-------------------
Feature Construction (FC) starts ...
Total number of features in the space Phi00:             21
Total number of features in the space Phi01:            768
Total number of features in the space Phi02:         272105
Total number of features in the space Phi03:     8644682354
Size of the SIS-selected subspace from Phi03:      10000
Time (second) used for this FC:          943.33

Descriptor Identification (DI) starts ...
Total number of SIS-selected features for this DI:      20000
 
  2D descriptor/model(y=sum(ci*di)+c0) : 
================================================================================
     d001 = (((feature8+feature15)*feature12)+((feature12-feature20)*(feature19-feature21)))    feature_ID:000005
     d002 = (((feature12*feature17)-(feature16*feature21))*((feature15-feature20)*feature14))    feature_ID:010698
 
        coeff.(ci):     0.3105655751E+02    0.3508637889E+03
                c0:     0.3314310770E+00
    RMSE and MaxAE:     0.2952341314E+01    0.9343514862E+01
================================================================================
Time (second) used for this DI:           29.92
Total time (second):         1916.24
Have a nice day !    

