****************************************************************
  Sure Independence Screening and Sparsifying Operator (SISSO)  
             Version SISSO.3.5, August, 2024.                
****************************************************************

Read in data from train.dat
Standard Deviation (sqrt[sum(y-y_mean)^2/n]) of the target property: 106.06406
Read in data from SISSO.in
Property type:     1
Number of tasks:        1
Descriptor dimension:        2
Number of samples for the task(s):     42
Restarts :  0
Scheme for feature storing in memory:        1
Number of scalar features:       19
Tier of the feature space (max depth of expression tree):        3
Maximal feature complexity (number of operators in a feature):        6
Unit of input primary feature, each represented by a row vector: 
    1.00
    1.00
    1.00
    1.00
    1.00
    1.00
    1.00
    1.00
    1.00
    1.00
    1.00
    1.00
    1.00
    1.00
    1.00
    1.00
    1.00
    1.00
    1.00
The feature will be discarded if the minimum of the maximal abs. value in it <    0.10000E-02
The faature will be discarded if the maximum of the maximal abs. value in it >     0.10000E+06
Size of the SIS-selected (single) subspace :  10000 10000
Operators for feature construction: (+)(-)(*) (+)(-)(*) (+)(-)(*) 
Method for sparse regression:  L0        
Fitting intercept:      T
Metric for model selection: RMSE
Number of the top-ranked models to output:      100
--------------------------------------------------------------------------------

Dimension:   1
-------------------
Feature Construction (FC) starts ...
Total number of features in the space Phi00:             19
Total number of features in the space Phi01:            635
Total number of features in the space Phi02:         198290
Total number of features in the space Phi03:     4860375266
Size of the SIS-selected subspace from Phi03:      10000
Time (second) used for this FC:          538.35

Descriptor Identification (DI) starts ...
Total number of SIS-selected features for this DI:      10000
Time (second) used for this DI:            0.13

Dimension:   2
-------------------
Feature Construction (FC) starts ...
Total number of features in the space Phi00:             19
Total number of features in the space Phi01:            635
Total number of features in the space Phi02:         198290
Total number of features in the space Phi03:     4860375266
Size of the SIS-selected subspace from Phi03:      10000
Time (second) used for this FC:          539.41

Descriptor Identification (DI) starts ...
Total number of SIS-selected features for this DI:      20000
 
  2D descriptor/model(y=sum(ci*di)+c0) : 
================================================================================
     d001 = (((feature10-feature19)-(feature5-feature10))*((feature15+feature16)+feature18))    feature_ID:009394
     d002 = (((feature12-feature18)*(feature13-feature16))*((feature16+feature18)-feature17))    feature_ID:017285
 
        coeff.(ci):     0.1254953548E+03    0.1127812334E+04
                c0:     0.2361726297E+03
    RMSE and MaxAE:     0.3151056406E+02    0.8320143453E+02
================================================================================
Time (second) used for this DI:           29.82
Total time (second):         1107.78
Have a nice day !    

