****************************************************************
  Sure Independence Screening and Sparsifying Operator (SISSO)  
             Version SISSO.3.5, August, 2024.                
****************************************************************

Read in data from train.dat
Standard Deviation (sqrt[sum(y-y_mean)^2/n]) of the target property:  97.92659
Read in data from SISSO.in
Property type:     1
Number of tasks:        1
Descriptor dimension:        2
Number of samples for the task(s):     42
Restarts :  0
Scheme for feature storing in memory:        1
Number of scalar features:       20
Tier of the feature space (max depth of expression tree):        3
Maximal feature complexity (number of operators in a feature):        6
Unit of input primary feature, each represented by a row vector: 
    1.00
    1.00
    1.00
    1.00
    1.00
    1.00
    1.00
    1.00
    1.00
    1.00
    1.00
    1.00
    1.00
    1.00
    1.00
    1.00
    1.00
    1.00
    1.00
    1.00
The feature will be discarded if the minimum of the maximal abs. value in it <    0.10000E-02
The faature will be discarded if the maximum of the maximal abs. value in it >     0.10000E+06
Size of the SIS-selected (single) subspace :  10000 10000
Operators for feature construction: (+)(-)(*) (+)(-)(*) (+)(-)(*) 
Method for sparse regression:  L0        
Fitting intercept:      T
Metric for model selection: RMSE
Number of the top-ranked models to output:      100
--------------------------------------------------------------------------------

Dimension:   1
-------------------
Feature Construction (FC) starts ...
Total number of features in the space Phi00:             20
Total number of features in the space Phi01:            702
Total number of features in the space Phi02:         233836
Total number of features in the space Phi03:     6543238116
Size of the SIS-selected subspace from Phi03:      10000
Time (second) used for this FC:          743.37

Descriptor Identification (DI) starts ...
Total number of SIS-selected features for this DI:      10000
Time (second) used for this DI:            0.14

Dimension:   2
-------------------
Feature Construction (FC) starts ...
Total number of features in the space Phi00:             20
Total number of features in the space Phi01:            702
Total number of features in the space Phi02:         233836
Total number of features in the space Phi03:     6543238116
Size of the SIS-selected subspace from Phi03:      10000
Time (second) used for this FC:          744.72

Descriptor Identification (DI) starts ...
Total number of SIS-selected features for this DI:      20000
 
  2D descriptor/model(y=sum(ci*di)+c0) : 
================================================================================
     d001 = (((feature11+feature15)-(feature2+feature18))+((feature11-feature6)-feature7))    feature_ID:000019
     d002 = (((feature1+feature13)*(feature17-feature19))*((feature18-feature20)*feature11))    feature_ID:019487
 
        coeff.(ci):     0.1262012686E+03    0.1090477405E+04
                c0:     0.1538193206E+03
    RMSE and MaxAE:     0.2407699751E+02    0.6021490510E+02
================================================================================
Time (second) used for this DI:           30.69
Total time (second):         1519.15
Have a nice day !    

