****************************************************************
  Sure Independence Screening and Sparsifying Operator (SISSO)  
             Version SISSO.3.5, August, 2024.                
****************************************************************

Read in data from train.dat
Standard Deviation (sqrt[sum(y-y_mean)^2/n]) of the target property:  22.54347
Read in data from SISSO.in
Property type:     1
Number of tasks:        1
Descriptor dimension:        2
Number of samples for the task(s):     42
Restarts :  0
Scheme for feature storing in memory:        1
Number of scalar features:       20
Tier of the feature space (max depth of expression tree):        3
Maximal feature complexity (number of operators in a feature):        6
Unit of input primary feature, each represented by a row vector: 
    1.00
    1.00
    1.00
    1.00
    1.00
    1.00
    1.00
    1.00
    1.00
    1.00
    1.00
    1.00
    1.00
    1.00
    1.00
    1.00
    1.00
    1.00
    1.00
    1.00
The feature will be discarded if the minimum of the maximal abs. value in it <    0.10000E-02
The faature will be discarded if the maximum of the maximal abs. value in it >     0.10000E+06
Size of the SIS-selected (single) subspace :  10000 10000
Operators for feature construction: (+)(-)(*) (+)(-)(*) (+)(-)(*) 
Method for sparse regression:  L0        
Fitting intercept:      T
Metric for model selection: RMSE
Number of the top-ranked models to output:      100
--------------------------------------------------------------------------------

Dimension:   1
-------------------
Feature Construction (FC) starts ...
Total number of features in the space Phi00:             20
Total number of features in the space Phi01:            702
Total number of features in the space Phi02:         236354
Total number of features in the space Phi03:     6662776727
Size of the SIS-selected subspace from Phi03:      10000
Time (second) used for this FC:          728.13

Descriptor Identification (DI) starts ...
Total number of SIS-selected features for this DI:      10000
Time (second) used for this DI:            0.14

Dimension:   2
-------------------
Feature Construction (FC) starts ...
Total number of features in the space Phi00:             20
Total number of features in the space Phi01:            702
Total number of features in the space Phi02:         236354
Total number of features in the space Phi03:     6662776727
Size of the SIS-selected subspace from Phi03:      10000
Time (second) used for this FC:          729.17

Descriptor Identification (DI) starts ...
Total number of SIS-selected features for this DI:      20000
 
  2D descriptor/model(y=sum(ci*di)+c0) : 
================================================================================
     d001 = (((feature1+feature13)+(feature18+feature19))+((feature20-feature11)+feature6))    feature_ID:001161
     d002 = (((feature19-feature5)*(feature9+feature12))*((feature16-feature19)-feature8))    feature_ID:017220
 
        coeff.(ci):    -0.2404405764E+02   -0.6748004707E+03
                c0:     0.7430421525E+02
    RMSE and MaxAE:     0.8616596299E+01    0.2313000068E+02
================================================================================
Time (second) used for this DI:           29.81
Total time (second):         1487.34
Have a nice day !    

