****************************************************************
  Sure Independence Screening and Sparsifying Operator (SISSO)  
             Version SISSO.3.5, August, 2024.                
****************************************************************

Read in data from train.dat
Standard Deviation (sqrt[sum(y-y_mean)^2/n]) of the target property:  22.17470
Read in data from SISSO.in
Property type:     1
Number of tasks:        1
Descriptor dimension:        2
Number of samples for the task(s):     35
Restarts :  0
Scheme for feature storing in memory:        1
Number of scalar features:       16
Tier of the feature space (max depth of expression tree):        3
Maximal feature complexity (number of operators in a feature):        6
Unit of input primary feature, each represented by a row vector: 
    1.00
    1.00
    1.00
    1.00
    1.00
    1.00
    1.00
    1.00
    1.00
    1.00
    1.00
    1.00
    1.00
    1.00
    1.00
    1.00
The feature will be discarded if the minimum of the maximal abs. value in it <    0.10000E-02
The faature will be discarded if the maximum of the maximal abs. value in it >     0.10000E+06
Size of the SIS-selected (single) subspace :  10000 10000
Operators for feature construction: (+)(-)(*) (+)(-)(*) (+)(-)(*) 
Method for sparse regression:  L0        
Fitting intercept:      T
Metric for model selection: RMSE
Number of the top-ranked models to output:      100
--------------------------------------------------------------------------------

Dimension:   1
-------------------
Feature Construction (FC) starts ...
Total number of features in the space Phi00:             16
Total number of features in the space Phi01:            293
Total number of features in the space Phi02:          41912
Total number of features in the space Phi03:      322449641
Size of the SIS-selected subspace from Phi03:      10000
Time (second) used for this FC:           26.94

Descriptor Identification (DI) starts ...
Total number of SIS-selected features for this DI:      10000
Time (second) used for this DI:            0.09

Dimension:   2
-------------------
Feature Construction (FC) starts ...
Total number of features in the space Phi00:             16
Total number of features in the space Phi01:            293
Total number of features in the space Phi02:          41912
Total number of features in the space Phi03:      322449641
Size of the SIS-selected subspace from Phi03:      10000
Time (second) used for this FC:           27.78

Descriptor Identification (DI) starts ...
Total number of SIS-selected features for this DI:      20000
 
  2D descriptor/model(y=sum(ci*di)+c0) : 
================================================================================
     d001 = (((feature4+feature16)*feature16)+((feature6-feature13)*(feature10+feature14)))    feature_ID:000709
     d002 = (((feature11+feature13)-(feature12-feature5))*((feature12-feature13)-feature7))    feature_ID:012625
 
        coeff.(ci):    -0.4526680730E+02   -0.6347731848E+02
                c0:     0.4568157664E+02
    RMSE and MaxAE:     0.9541834008E+01    0.3252291688E+02
================================================================================
Time (second) used for this DI:           23.56
Total time (second):           78.54
Have a nice day !    

