****************************************************************
  Sure Independence Screening and Sparsifying Operator (SISSO)  
             Version SISSO.3.5, August, 2024.                
****************************************************************

Read in data from train.dat
Standard Deviation (sqrt[sum(y-y_mean)^2/n]) of the target property:  23.38490
Read in data from SISSO.in
Property type:     1
Number of tasks:        1
Descriptor dimension:        2
Number of samples for the task(s):     42
Restarts :  0
Scheme for feature storing in memory:        1
Number of scalar features:       18
Tier of the feature space (max depth of expression tree):        3
Maximal feature complexity (number of operators in a feature):        6
Unit of input primary feature, each represented by a row vector: 
    1.00
    1.00
    1.00
    1.00
    1.00
    1.00
    1.00
    1.00
    1.00
    1.00
    1.00
    1.00
    1.00
    1.00
    1.00
    1.00
    1.00
    1.00
The feature will be discarded if the minimum of the maximal abs. value in it <    0.10000E-02
The faature will be discarded if the maximum of the maximal abs. value in it >     0.10000E+06
Size of the SIS-selected (single) subspace :  10000 10000
Operators for feature construction: (+)(-)(*) (+)(-)(*) (+)(-)(*) 
Method for sparse regression:  L0        
Fitting intercept:      T
Metric for model selection: RMSE
Number of the top-ranked models to output:      100
--------------------------------------------------------------------------------

Dimension:   1
-------------------
Feature Construction (FC) starts ...
Total number of features in the space Phi00:             18
Total number of features in the space Phi01:            559
Total number of features in the space Phi02:         141160
Total number of features in the space Phi03:     2769911719
Size of the SIS-selected subspace from Phi03:      10000
Time (second) used for this FC:          296.38

Descriptor Identification (DI) starts ...
Total number of SIS-selected features for this DI:      10000
Time (second) used for this DI:            0.16

Dimension:   2
-------------------
Feature Construction (FC) starts ...
Total number of features in the space Phi00:             18
Total number of features in the space Phi01:            559
Total number of features in the space Phi02:         141160
Total number of features in the space Phi03:     2769911719
Size of the SIS-selected subspace from Phi03:      10000
Time (second) used for this FC:          298.27

Descriptor Identification (DI) starts ...
Total number of SIS-selected features for this DI:      20000
 
  2D descriptor/model(y=sum(ci*di)+c0) : 
================================================================================
     d001 = (((feature12-feature13)-(feature16-feature8))*((feature12+feature16)-feature13))    feature_ID:008560
     d002 = (((feature11-feature4)*(feature14-feature17))*((feature12+feature16)-feature18))    feature_ID:010641
 
        coeff.(ci):     0.3597947060E+02    0.2218687554E+03
                c0:     0.5208140718E+02
    RMSE and MaxAE:     0.9906458883E+01    0.1985653516E+02
================================================================================
Time (second) used for this DI:           30.08
Total time (second):          625.82
Have a nice day !    

