****************************************************************
  Sure Independence Screening and Sparsifying Operator (SISSO)  
             Version SISSO.3.5, August, 2024.                
****************************************************************

Read in data from train.dat
Standard Deviation (sqrt[sum(y-y_mean)^2/n]) of the target property:  98.85636
Read in data from SISSO.in
Property type:     1
Number of tasks:        1
Descriptor dimension:        2
Number of samples for the task(s):     42
Restarts :  0
Scheme for feature storing in memory:        1
Number of scalar features:       19
Tier of the feature space (max depth of expression tree):        3
Maximal feature complexity (number of operators in a feature):        6
Unit of input primary feature, each represented by a row vector: 
    1.00
    1.00
    1.00
    1.00
    1.00
    1.00
    1.00
    1.00
    1.00
    1.00
    1.00
    1.00
    1.00
    1.00
    1.00
    1.00
    1.00
    1.00
    1.00
The feature will be discarded if the minimum of the maximal abs. value in it <    0.10000E-02
The faature will be discarded if the maximum of the maximal abs. value in it >     0.10000E+06
Size of the SIS-selected (single) subspace :  10000 10000
Operators for feature construction: (+)(-)(*) (+)(-)(*) (+)(-)(*) 
Method for sparse regression:  L0        
Fitting intercept:      T
Metric for model selection: RMSE
Number of the top-ranked models to output:      100
--------------------------------------------------------------------------------

Dimension:   1
-------------------
Feature Construction (FC) starts ...
Total number of features in the space Phi00:             19
Total number of features in the space Phi01:            619
Total number of features in the space Phi02:         167343
Total number of features in the space Phi03:     3797815931
Size of the SIS-selected subspace from Phi03:      10000
Time (second) used for this FC:          403.11

Descriptor Identification (DI) starts ...
Total number of SIS-selected features for this DI:      10000
Time (second) used for this DI:            0.13

Dimension:   2
-------------------
Feature Construction (FC) starts ...
Total number of features in the space Phi00:             19
Total number of features in the space Phi01:            619
Total number of features in the space Phi02:         167343
Total number of features in the space Phi03:     3797815931
Size of the SIS-selected subspace from Phi03:      10000
Time (second) used for this FC:          404.61

Descriptor Identification (DI) starts ...
Total number of SIS-selected features for this DI:      20000
 
  2D descriptor/model(y=sum(ci*di)+c0) : 
================================================================================
     d001 = (((feature12-feature6)*(feature12-feature17))+((feature15-feature19)*feature19))    feature_ID:002675
     d002 = (((feature15+feature18)-feature19)*((feature15-feature18)*(feature18-feature19)))    feature_ID:010001
 
        coeff.(ci):     0.2944818521E+03    0.3969307789E+04
                c0:     0.3340972280E+03
    RMSE and MaxAE:     0.2817812081E+02    0.8977968896E+02
================================================================================
Time (second) used for this DI:           29.85
Total time (second):          837.86
Have a nice day !    

