****************************************************************
  Sure Independence Screening and Sparsifying Operator (SISSO)  
             Version SISSO.3.5, August, 2024.                
****************************************************************

Read in data from train.dat
Standard Deviation (sqrt[sum(y-y_mean)^2/n]) of the target property:  99.47804
Read in data from SISSO.in
Property type:     1
Number of tasks:        1
Descriptor dimension:        2
Number of samples for the task(s):     42
Restarts :  0
Scheme for feature storing in memory:        1
Number of scalar features:       20
Tier of the feature space (max depth of expression tree):        3
Maximal feature complexity (number of operators in a feature):        6
Unit of input primary feature, each represented by a row vector: 
    1.00
    1.00
    1.00
    1.00
    1.00
    1.00
    1.00
    1.00
    1.00
    1.00
    1.00
    1.00
    1.00
    1.00
    1.00
    1.00
    1.00
    1.00
    1.00
    1.00
The feature will be discarded if the minimum of the maximal abs. value in it <    0.10000E-02
The faature will be discarded if the maximum of the maximal abs. value in it >     0.10000E+06
Size of the SIS-selected (single) subspace :  10000 10000
Operators for feature construction: (+)(-)(*) (+)(-)(*) (+)(-)(*) 
Method for sparse regression:  L0        
Fitting intercept:      T
Metric for model selection: RMSE
Number of the top-ranked models to output:      100
--------------------------------------------------------------------------------

Dimension:   1
-------------------
Feature Construction (FC) starts ...
Total number of features in the space Phi00:             20
Total number of features in the space Phi01:            685
Total number of features in the space Phi02:         201289
Total number of features in the space Phi03:     5285426760
Size of the SIS-selected subspace from Phi03:      10000
Time (second) used for this FC:          572.19

Descriptor Identification (DI) starts ...
Total number of SIS-selected features for this DI:      10000
Time (second) used for this DI:            0.16

Dimension:   2
-------------------
Feature Construction (FC) starts ...
Total number of features in the space Phi00:             20
Total number of features in the space Phi01:            685
Total number of features in the space Phi02:         201289
Total number of features in the space Phi03:     5285426760
Size of the SIS-selected subspace from Phi03:      10000
Time (second) used for this FC:          573.40

Descriptor Identification (DI) starts ...
Total number of SIS-selected features for this DI:      20000
 
  2D descriptor/model(y=sum(ci*di)+c0) : 
================================================================================
     d001 = (((feature13+feature16)-(feature2+feature19))+((feature16-feature20)+feature3))    feature_ID:000001
     d002 = (((feature1+feature11)+(feature3+feature4))+((feature7+feature8)-feature5))    feature_ID:010002
 
        coeff.(ci):     0.1071704848E+03   -0.4229527162E+02
                c0:     0.2569408365E+03
    RMSE and MaxAE:     0.3110898081E+02    0.1134596819E+03
================================================================================
Time (second) used for this DI:           30.09
Total time (second):         1177.17
Have a nice day !    

