****************************************************************
  Sure Independence Screening and Sparsifying Operator (SISSO)  
             Version SISSO.3.5, August, 2024.                
****************************************************************

Read in data from train.dat
Standard Deviation (sqrt[sum(y-y_mean)^2/n]) of the target property:  97.91002
Read in data from SISSO.in
Property type:     1
Number of tasks:        1
Descriptor dimension:        2
Number of samples for the task(s):     42
Restarts :  0
Scheme for feature storing in memory:        1
Number of scalar features:       21
Tier of the feature space (max depth of expression tree):        3
Maximal feature complexity (number of operators in a feature):        6
Unit of input primary feature, each represented by a row vector: 
    1.00
    1.00
    1.00
    1.00
    1.00
    1.00
    1.00
    1.00
    1.00
    1.00
    1.00
    1.00
    1.00
    1.00
    1.00
    1.00
    1.00
    1.00
    1.00
    1.00
    1.00
The feature will be discarded if the minimum of the maximal abs. value in it <    0.10000E-02
The faature will be discarded if the maximum of the maximal abs. value in it >     0.10000E+06
Size of the SIS-selected (single) subspace :  10000 10000
Operators for feature construction: (+)(-)(*) (+)(-)(*) (+)(-)(*) 
Method for sparse regression:  L0        
Fitting intercept:      T
Metric for model selection: RMSE
Number of the top-ranked models to output:      100
--------------------------------------------------------------------------------

Dimension:   1
-------------------
Feature Construction (FC) starts ...
Total number of features in the space Phi00:             21
Total number of features in the space Phi01:            763
Total number of features in the space Phi02:         260472
Total number of features in the space Phi03:     8118963741
Size of the SIS-selected subspace from Phi03:      10000
Time (second) used for this FC:          909.79

Descriptor Identification (DI) starts ...
Total number of SIS-selected features for this DI:      10000
Time (second) used for this DI:            0.14

Dimension:   2
-------------------
Feature Construction (FC) starts ...
Total number of features in the space Phi00:             21
Total number of features in the space Phi01:            763
Total number of features in the space Phi02:         260472
Total number of features in the space Phi03:     8118963741
Size of the SIS-selected subspace from Phi03:      10000
Time (second) used for this FC:          910.19

Descriptor Identification (DI) starts ...
Total number of SIS-selected features for this DI:      20000
 
  2D descriptor/model(y=sum(ci*di)+c0) : 
================================================================================
     d001 = (((feature15+feature16)+(feature16-feature19))-(feature7+feature21))    feature_ID:008991
     d002 = (((feature1-feature20)-feature9)*((feature13-feature15)-(feature2+feature8)))    feature_ID:019490
 
        coeff.(ci):     0.9503882564E+02   -0.2711083817E+03
                c0:     0.2246238739E+03
    RMSE and MaxAE:     0.2700689840E+02    0.9742435035E+02
================================================================================
Time (second) used for this DI:           30.55
Total time (second):         1850.74
Have a nice day !    

