****************************************************************
  Sure Independence Screening and Sparsifying Operator (SISSO)  
             Version SISSO.3.5, August, 2024.                
****************************************************************

Read in data from train.dat
Standard Deviation (sqrt[sum(y-y_mean)^2/n]) of the target property:  21.62499
Read in data from SISSO.in
Property type:     1
Number of tasks:        1
Descriptor dimension:        2
Number of samples for the task(s):     35
Restarts :  0
Scheme for feature storing in memory:        1
Number of scalar features:       20
Tier of the feature space (max depth of expression tree):        3
Maximal feature complexity (number of operators in a feature):        6
Unit of input primary feature, each represented by a row vector: 
    1.00
    1.00
    1.00
    1.00
    1.00
    1.00
    1.00
    1.00
    1.00
    1.00
    1.00
    1.00
    1.00
    1.00
    1.00
    1.00
    1.00
    1.00
    1.00
    1.00
The feature will be discarded if the minimum of the maximal abs. value in it <    0.10000E-02
The faature will be discarded if the maximum of the maximal abs. value in it >     0.10000E+06
Size of the SIS-selected (single) subspace :  10000 10000
Operators for feature construction: (+)(-)(*) (+)(-)(*) (+)(-)(*) 
Method for sparse regression:  L0        
Fitting intercept:      T
Metric for model selection: RMSE
Number of the top-ranked models to output:      100
--------------------------------------------------------------------------------

Dimension:   1
-------------------
Feature Construction (FC) starts ...
Total number of features in the space Phi00:             20
Total number of features in the space Phi01:            635
Total number of features in the space Phi02:         195293
Total number of features in the space Phi03:     4743544089
Size of the SIS-selected subspace from Phi03:      10000
Time (second) used for this FC:          475.45

Descriptor Identification (DI) starts ...
Total number of SIS-selected features for this DI:      10000
Time (second) used for this DI:            0.10

Dimension:   2
-------------------
Feature Construction (FC) starts ...
Total number of features in the space Phi00:             20
Total number of features in the space Phi01:            635
Total number of features in the space Phi02:         195293
Total number of features in the space Phi03:     4743544089
Size of the SIS-selected subspace from Phi03:      10000
Time (second) used for this FC:          476.08

Descriptor Identification (DI) starts ...
Total number of SIS-selected features for this DI:      20000
 
  2D descriptor/model(y=sum(ci*di)+c0) : 
================================================================================
     d001 = (((feature14-feature18)-(feature2-feature14))*((feature11-feature16)*feature16))    feature_ID:002735
     d002 = (((feature12+feature13)-(feature3+feature17))*((feature5+feature16)+feature7))    feature_ID:010226
 
        coeff.(ci):     0.2678591612E+03   -0.6743446156E+02
                c0:     0.1746049584E+02
    RMSE and MaxAE:     0.9418104285E+01    0.2349053852E+02
================================================================================
Time (second) used for this DI:           26.03
Total time (second):          977.84
Have a nice day !    

