****************************************************************
  Sure Independence Screening and Sparsifying Operator (SISSO)  
             Version SISSO.3.5, August, 2024.                
****************************************************************

Read in data from train.dat
Standard Deviation (sqrt[sum(y-y_mean)^2/n]) of the target property:  22.48726
Read in data from SISSO.in
Property type:     1
Number of tasks:        1
Descriptor dimension:        2
Number of samples for the task(s):     42
Restarts :  0
Scheme for feature storing in memory:        1
Number of scalar features:       17
Tier of the feature space (max depth of expression tree):        3
Maximal feature complexity (number of operators in a feature):        6
Unit of input primary feature, each represented by a row vector: 
    1.00
    1.00
    1.00
    1.00
    1.00
    1.00
    1.00
    1.00
    1.00
    1.00
    1.00
    1.00
    1.00
    1.00
    1.00
    1.00
    1.00
The feature will be discarded if the minimum of the maximal abs. value in it <    0.10000E-02
The faature will be discarded if the maximum of the maximal abs. value in it >     0.10000E+06
Size of the SIS-selected (single) subspace :  10000 10000
Operators for feature construction: (+)(-)(*) (+)(-)(*) (+)(-)(*) 
Method for sparse regression:  L0        
Fitting intercept:      T
Metric for model selection: RMSE
Number of the top-ranked models to output:      100
--------------------------------------------------------------------------------

Dimension:   1
-------------------
Feature Construction (FC) starts ...
Total number of features in the space Phi00:             17
Total number of features in the space Phi01:            500
Total number of features in the space Phi02:         116315
Total number of features in the space Phi03:     1951592921
Size of the SIS-selected subspace from Phi03:      10000
Time (second) used for this FC:          187.97

Descriptor Identification (DI) starts ...
Total number of SIS-selected features for this DI:      10000
Time (second) used for this DI:            0.11

Dimension:   2
-------------------
Feature Construction (FC) starts ...
Total number of features in the space Phi00:             17
Total number of features in the space Phi01:            500
Total number of features in the space Phi02:         116315
Total number of features in the space Phi03:     1951592921
Size of the SIS-selected subspace from Phi03:      10000
Time (second) used for this FC:          191.48

Descriptor Identification (DI) starts ...
Total number of SIS-selected features for this DI:      20000
 
  2D descriptor/model(y=sum(ci*di)+c0) : 
================================================================================
     d001 = (((feature10-feature16)-(feature5+feature17))+((feature10-feature6)+feature7))    feature_ID:000895
     d002 = (((feature12+feature13)-(feature5+feature15))*((feature11-feature12)+feature5))    feature_ID:011100
 
        coeff.(ci):     0.1812819884E+02   -0.4893173653E+02
                c0:     0.3872683307E+02
    RMSE and MaxAE:     0.1048921638E+02    0.3391212797E+02
================================================================================
Time (second) used for this DI:           27.87
Total time (second):          407.59
Have a nice day !    

