****************************************************************
  Sure Independence Screening and Sparsifying Operator (SISSO)  
             Version SISSO.3.5, August, 2024.                
****************************************************************

Read in data from train.dat
Standard Deviation (sqrt[sum(y-y_mean)^2/n]) of the target property:  21.81163
Read in data from SISSO.in
Property type:     1
Number of tasks:        1
Descriptor dimension:        2
Number of samples for the task(s):     35
Restarts :  0
Scheme for feature storing in memory:        1
Number of scalar features:       22
Tier of the feature space (max depth of expression tree):        3
Maximal feature complexity (number of operators in a feature):        6
Unit of input primary feature, each represented by a row vector: 
    1.00
    1.00
    1.00
    1.00
    1.00
    1.00
    1.00
    1.00
    1.00
    1.00
    1.00
    1.00
    1.00
    1.00
    1.00
    1.00
    1.00
    1.00
    1.00
    1.00
    1.00
    1.00
The feature will be discarded if the minimum of the maximal abs. value in it <    0.10000E-02
The faature will be discarded if the maximum of the maximal abs. value in it >     0.10000E+06
Size of the SIS-selected (single) subspace :  10000 10000
Operators for feature construction: (+)(-)(*) (+)(-)(*) (+)(-)(*) 
Method for sparse regression:  L0        
Fitting intercept:      T
Metric for model selection: RMSE
Number of the top-ranked models to output:      100
--------------------------------------------------------------------------------

Dimension:   1
-------------------
Feature Construction (FC) starts ...
Total number of features in the space Phi00:             22
Total number of features in the space Phi01:            775
Total number of features in the space Phi02:         285808
Total number of features in the space Phi03:     9293521305
Size of the SIS-selected subspace from Phi03:      10000
Time (second) used for this FC:          756.07

Descriptor Identification (DI) starts ...
Total number of SIS-selected features for this DI:      10000
Time (second) used for this DI:            0.09

Dimension:   2
-------------------
Feature Construction (FC) starts ...
Total number of features in the space Phi00:             22
Total number of features in the space Phi01:            775
Total number of features in the space Phi02:         285808
Total number of features in the space Phi03:     9293521305
Size of the SIS-selected subspace from Phi03:      10000
Time (second) used for this FC:          732.22

Descriptor Identification (DI) starts ...
Total number of SIS-selected features for this DI:      20000
 
  2D descriptor/model(y=sum(ci*di)+c0) : 
================================================================================
     d001 = (((feature1+feature20)*feature12)-((feature12+feature13)*(feature12+feature16)))    feature_ID:001972
     d002 = (((feature15-feature4)*(feature15-feature22))*((feature21-feature22)*feature13))    feature_ID:010396
 
        coeff.(ci):    -0.3619714803E+02   -0.1909676526E+04
                c0:     0.2694263383E+02
    RMSE and MaxAE:     0.6151390804E+01    0.1662017747E+02
================================================================================
Time (second) used for this DI:           22.33
Total time (second):         1510.86
Have a nice day !    

