****************************************************************
  Sure Independence Screening and Sparsifying Operator (SISSO)  
             Version SISSO.3.5, August, 2024.                
****************************************************************

Read in data from train.dat
Standard Deviation (sqrt[sum(y-y_mean)^2/n]) of the target property:  22.99428
Read in data from SISSO.in
Property type:     1
Number of tasks:        1
Descriptor dimension:        2
Number of samples for the task(s):     35
Restarts :  0
Scheme for feature storing in memory:        1
Number of scalar features:       17
Tier of the feature space (max depth of expression tree):        3
Maximal feature complexity (number of operators in a feature):        6
Unit of input primary feature, each represented by a row vector: 
    1.00
    1.00
    1.00
    1.00
    1.00
    1.00
    1.00
    1.00
    1.00
    1.00
    1.00
    1.00
    1.00
    1.00
    1.00
    1.00
    1.00
The feature will be discarded if the minimum of the maximal abs. value in it <    0.10000E-02
The faature will be discarded if the maximum of the maximal abs. value in it >     0.10000E+06
Size of the SIS-selected (single) subspace :  10000 10000
Operators for feature construction: (+)(-)(*) (+)(-)(*) (+)(-)(*) 
Method for sparse regression:  L0        
Fitting intercept:      T
Metric for model selection: RMSE
Number of the top-ranked models to output:      100
--------------------------------------------------------------------------------

Dimension:   1
-------------------
Feature Construction (FC) starts ...
Total number of features in the space Phi00:             17
Total number of features in the space Phi01:            505
Total number of features in the space Phi02:         126284
Total number of features in the space Phi03:     2211820167
Size of the SIS-selected subspace from Phi03:      10000
Time (second) used for this FC:          222.61

Descriptor Identification (DI) starts ...
Total number of SIS-selected features for this DI:      10000
Time (second) used for this DI:            0.11

Dimension:   2
-------------------
Feature Construction (FC) starts ...
Total number of features in the space Phi00:             17
Total number of features in the space Phi01:            505
Total number of features in the space Phi02:         126284
Total number of features in the space Phi03:     2211820167
Size of the SIS-selected subspace from Phi03:      10000
Time (second) used for this FC:          223.97

Descriptor Identification (DI) starts ...
Total number of SIS-selected features for this DI:      20000
 
  2D descriptor/model(y=sum(ci*di)+c0) : 
================================================================================
     d001 = (((feature4-feature9)*(feature11-feature13))+((feature16-feature4)*feature16))    feature_ID:001220
     d002 = (((feature9-feature15)*(feature15-feature9))*((feature10+feature16)-feature17))    feature_ID:010139
 
        coeff.(ci):    -0.4789874625E+02   -0.1112780799E+03
                c0:     0.4527608188E+02
    RMSE and MaxAE:     0.9788326389E+01    0.2466630958E+02
================================================================================
Time (second) used for this DI:           26.01
Total time (second):          472.72
Have a nice day !    

