****************************************************************
  Sure Independence Screening and Sparsifying Operator (SISSO)  
             Version SISSO.3.5, August, 2024.                
****************************************************************

Read in data from train.dat
Standard Deviation (sqrt[sum(y-y_mean)^2/n]) of the target property:  22.15376
Read in data from SISSO.in
Property type:     1
Number of tasks:        1
Descriptor dimension:        2
Number of samples for the task(s):     42
Restarts :  0
Scheme for feature storing in memory:        1
Number of scalar features:       22
Tier of the feature space (max depth of expression tree):        3
Maximal feature complexity (number of operators in a feature):        6
Unit of input primary feature, each represented by a row vector: 
    1.00
    1.00
    1.00
    1.00
    1.00
    1.00
    1.00
    1.00
    1.00
    1.00
    1.00
    1.00
    1.00
    1.00
    1.00
    1.00
    1.00
    1.00
    1.00
    1.00
    1.00
    1.00
The feature will be discarded if the minimum of the maximal abs. value in it <    0.10000E-02
The faature will be discarded if the maximum of the maximal abs. value in it >     0.10000E+06
Size of the SIS-selected (single) subspace :  10000 10000
Operators for feature construction: (+)(-)(*) (+)(-)(*) (+)(-)(*) 
Method for sparse regression:  L0        
Fitting intercept:      T
Metric for model selection: RMSE
Number of the top-ranked models to output:      100
--------------------------------------------------------------------------------

Dimension:   1
-------------------
Feature Construction (FC) starts ...
Total number of features in the space Phi00:             22
Total number of features in the space Phi01:            847
Total number of features in the space Phi02:         330311
Total number of features in the space Phi03:    12104028143
Size of the SIS-selected subspace from Phi03:      10000
Time (second) used for this FC:         1347.55

Descriptor Identification (DI) starts ...
Total number of SIS-selected features for this DI:      10000
Time (second) used for this DI:            0.13

Dimension:   2
-------------------
Feature Construction (FC) starts ...
Total number of features in the space Phi00:             22
Total number of features in the space Phi01:            847
Total number of features in the space Phi02:         330311
Total number of features in the space Phi03:    12104028143
Size of the SIS-selected subspace from Phi03:      10000
Time (second) used for this FC:         1349.88

Descriptor Identification (DI) starts ...
Total number of SIS-selected features for this DI:      20000
 
  2D descriptor/model(y=sum(ci*di)+c0) : 
================================================================================
     d001 = (((feature13-feature21)-(feature8-feature13))*((feature16+feature18)+feature16))    feature_ID:002102
     d002 = (((feature17-feature21)-(feature4+feature9))*((feature14+feature22)-feature20))    feature_ID:012156
 
        coeff.(ci):     0.1953872723E+02   -0.1803505521E+03
                c0:     0.1570966378E+02
    RMSE and MaxAE:     0.9305784367E+01    0.2924184283E+02
================================================================================
Time (second) used for this DI:           29.84
Total time (second):         2727.97
Have a nice day !    

