****************************************************************
  Sure Independence Screening and Sparsifying Operator (SISSO)  
             Version SISSO.3.5, August, 2024.                
****************************************************************

Read in data from train.dat
Standard Deviation (sqrt[sum(y-y_mean)^2/n]) of the target property:  92.14891
Read in data from SISSO.in
Property type:     1
Number of tasks:        1
Descriptor dimension:        2
Number of samples for the task(s):     42
Restarts :  0
Scheme for feature storing in memory:        1
Number of scalar features:       20
Tier of the feature space (max depth of expression tree):        3
Maximal feature complexity (number of operators in a feature):        6
Unit of input primary feature, each represented by a row vector: 
    1.00
    1.00
    1.00
    1.00
    1.00
    1.00
    1.00
    1.00
    1.00
    1.00
    1.00
    1.00
    1.00
    1.00
    1.00
    1.00
    1.00
    1.00
    1.00
    1.00
The feature will be discarded if the minimum of the maximal abs. value in it <    0.10000E-02
The faature will be discarded if the maximum of the maximal abs. value in it >     0.10000E+06
Size of the SIS-selected (single) subspace :  10000 10000
Operators for feature construction: (+)(-)(*) (+)(-)(*) (+)(-)(*) 
Method for sparse regression:  L0        
Fitting intercept:      T
Metric for model selection: RMSE
Number of the top-ranked models to output:      100
--------------------------------------------------------------------------------

Dimension:   1
-------------------
Feature Construction (FC) starts ...
Total number of features in the space Phi00:             20
Total number of features in the space Phi01:            694
Total number of features in the space Phi02:         218402
Total number of features in the space Phi03:     5922303793
Size of the SIS-selected subspace from Phi03:      10000
Time (second) used for this FC:          652.59

Descriptor Identification (DI) starts ...
Total number of SIS-selected features for this DI:      10000
Time (second) used for this DI:            0.14

Dimension:   2
-------------------
Feature Construction (FC) starts ...
Total number of features in the space Phi00:             20
Total number of features in the space Phi01:            694
Total number of features in the space Phi02:         218402
Total number of features in the space Phi03:     5922303793
Size of the SIS-selected subspace from Phi03:      10000
Time (second) used for this FC:          653.93

Descriptor Identification (DI) starts ...
Total number of SIS-selected features for this DI:      20000
 
  2D descriptor/model(y=sum(ci*di)+c0) : 
================================================================================
     d001 = (((feature15-feature5)*(feature14-feature6))+((feature15-feature18)*feature18))    feature_ID:000123
     d002 = (((feature1-feature19)-feature8)*((feature12-feature14)-(feature2+feature7)))    feature_ID:014499
 
        coeff.(ci):     0.2482070267E+03   -0.1977246035E+03
                c0:     0.2798883246E+03
    RMSE and MaxAE:     0.2122183611E+02    0.6832223369E+02
================================================================================
Time (second) used for this DI:           29.91
Total time (second):         1336.66
Have a nice day !    

