****************************************************************
  Sure Independence Screening and Sparsifying Operator (SISSO)  
             Version SISSO.3.5, August, 2024.                
****************************************************************

Read in data from train.dat
Standard Deviation (sqrt[sum(y-y_mean)^2/n]) of the target property:  20.40170
Read in data from SISSO.in
Property type:     1
Number of tasks:        1
Descriptor dimension:        2
Number of samples for the task(s):     35
Restarts :  0
Scheme for feature storing in memory:        1
Number of scalar features:       21
Tier of the feature space (max depth of expression tree):        3
Maximal feature complexity (number of operators in a feature):        6
Unit of input primary feature, each represented by a row vector: 
    1.00
    1.00
    1.00
    1.00
    1.00
    1.00
    1.00
    1.00
    1.00
    1.00
    1.00
    1.00
    1.00
    1.00
    1.00
    1.00
    1.00
    1.00
    1.00
    1.00
    1.00
The feature will be discarded if the minimum of the maximal abs. value in it <    0.10000E-02
The faature will be discarded if the maximum of the maximal abs. value in it >     0.10000E+06
Size of the SIS-selected (single) subspace :  10000 10000
Operators for feature construction: (+)(-)(*) (+)(-)(*) (+)(-)(*) 
Method for sparse regression:  L0        
Fitting intercept:      T
Metric for model selection: RMSE
Number of the top-ranked models to output:      100
--------------------------------------------------------------------------------

Dimension:   1
-------------------
Feature Construction (FC) starts ...
Total number of features in the space Phi00:             21
Total number of features in the space Phi01:            767
Total number of features in the space Phi02:         272873
Total number of features in the space Phi03:     8684795817
Size of the SIS-selected subspace from Phi03:      10000
Time (second) used for this FC:          878.94

Descriptor Identification (DI) starts ...
Total number of SIS-selected features for this DI:      10000
Time (second) used for this DI:            0.11

Dimension:   2
-------------------
Feature Construction (FC) starts ...
Total number of features in the space Phi00:             21
Total number of features in the space Phi01:            767
Total number of features in the space Phi02:         272873
Total number of features in the space Phi03:     8684795817
Size of the SIS-selected subspace from Phi03:      10000
Time (second) used for this FC:          878.97

Descriptor Identification (DI) starts ...
Total number of SIS-selected features for this DI:      20000
 
  2D descriptor/model(y=sum(ci*di)+c0) : 
================================================================================
     d001 = (((feature10+feature15)*feature12)+((feature12-feature20)*(feature20-feature21)))    feature_ID:000001
     d002 = (((feature1-feature15)*(feature12-feature19))*((feature16+feature20)-feature21))    feature_ID:010006
 
        coeff.(ci):     0.6890923220E+02   -0.9903283681E+02
                c0:     0.1711459913E+02
    RMSE and MaxAE:     0.7013638409E+01    0.1611628960E+02
================================================================================
Time (second) used for this DI:           26.13
Total time (second):         1784.34
Have a nice day !    

