****************************************************************
  Sure Independence Screening and Sparsifying Operator (SISSO)  
             Version SISSO.3.5, August, 2024.                
****************************************************************

Read in data from train.dat
Standard Deviation (sqrt[sum(y-y_mean)^2/n]) of the target property:  98.36160
Read in data from SISSO.in
Property type:     1
Number of tasks:        1
Descriptor dimension:        2
Number of samples for the task(s):     42
Restarts :  0
Scheme for feature storing in memory:        1
Number of scalar features:       18
Tier of the feature space (max depth of expression tree):        3
Maximal feature complexity (number of operators in a feature):        6
Unit of input primary feature, each represented by a row vector: 
    1.00
    1.00
    1.00
    1.00
    1.00
    1.00
    1.00
    1.00
    1.00
    1.00
    1.00
    1.00
    1.00
    1.00
    1.00
    1.00
    1.00
    1.00
The feature will be discarded if the minimum of the maximal abs. value in it <    0.10000E-02
The faature will be discarded if the maximum of the maximal abs. value in it >     0.10000E+06
Size of the SIS-selected (single) subspace :  10000 10000
Operators for feature construction: (+)(-)(*) (+)(-)(*) (+)(-)(*) 
Method for sparse regression:  L0        
Fitting intercept:      T
Metric for model selection: RMSE
Number of the top-ranked models to output:      100
--------------------------------------------------------------------------------

Dimension:   1
-------------------
Feature Construction (FC) starts ...
Total number of features in the space Phi00:             18
Total number of features in the space Phi01:            553
Total number of features in the space Phi02:         134343
Total number of features in the space Phi03:     2575600637
Size of the SIS-selected subspace from Phi03:      10000
Time (second) used for this FC:          273.09

Descriptor Identification (DI) starts ...
Total number of SIS-selected features for this DI:      10000
Time (second) used for this DI:            0.14

Dimension:   2
-------------------
Feature Construction (FC) starts ...
Total number of features in the space Phi00:             18
Total number of features in the space Phi01:            553
Total number of features in the space Phi02:         134343
Total number of features in the space Phi03:     2575600637
Size of the SIS-selected subspace from Phi03:      10000
Time (second) used for this FC:          274.03

Descriptor Identification (DI) starts ...
Total number of SIS-selected features for this DI:      20000
 
  2D descriptor/model(y=sum(ci*di)+c0) : 
================================================================================
     d001 = (((feature11+feature16)-(feature14-feature4))+((feature11-feature17)-feature6))    feature_ID:002052
     d002 = (((feature12-feature13)+feature7)*((feature13*feature18)-(feature16*feature17)))    feature_ID:010205
 
        coeff.(ci):     0.1083973681E+03    0.2660231615E+03
                c0:     0.2434383082E+03
    RMSE and MaxAE:     0.3475181624E+02    0.1232563164E+03
================================================================================
Time (second) used for this DI:           29.88
Total time (second):          577.40
Have a nice day !    

