****************************************************************
  Sure Independence Screening and Sparsifying Operator (SISSO)  
             Version SISSO.3.5, August, 2024.                
****************************************************************

Read in data from train.dat
Standard Deviation (sqrt[sum(y-y_mean)^2/n]) of the target property:  97.30887
Read in data from SISSO.in
Property type:     1
Number of tasks:        1
Descriptor dimension:        2
Number of samples for the task(s):     42
Restarts :  0
Scheme for feature storing in memory:        1
Number of scalar features:       19
Tier of the feature space (max depth of expression tree):        3
Maximal feature complexity (number of operators in a feature):        6
Unit of input primary feature, each represented by a row vector: 
    1.00
    1.00
    1.00
    1.00
    1.00
    1.00
    1.00
    1.00
    1.00
    1.00
    1.00
    1.00
    1.00
    1.00
    1.00
    1.00
    1.00
    1.00
    1.00
The feature will be discarded if the minimum of the maximal abs. value in it <    0.10000E-02
The faature will be discarded if the maximum of the maximal abs. value in it >     0.10000E+06
Size of the SIS-selected (single) subspace :  10000 10000
Operators for feature construction: (+)(-)(*) (+)(-)(*) (+)(-)(*) 
Method for sparse regression:  L0        
Fitting intercept:      T
Metric for model selection: RMSE
Number of the top-ranked models to output:      100
--------------------------------------------------------------------------------

Dimension:   1
-------------------
Feature Construction (FC) starts ...
Total number of features in the space Phi00:             19
Total number of features in the space Phi01:            636
Total number of features in the space Phi02:         199025
Total number of features in the space Phi03:     4881810815
Size of the SIS-selected subspace from Phi03:      10000
Time (second) used for this FC:          539.33

Descriptor Identification (DI) starts ...
Total number of SIS-selected features for this DI:      10000
Time (second) used for this DI:            0.13

Dimension:   2
-------------------
Feature Construction (FC) starts ...
Total number of features in the space Phi00:             19
Total number of features in the space Phi01:            636
Total number of features in the space Phi02:         199025
Total number of features in the space Phi03:     4881810815
Size of the SIS-selected subspace from Phi03:      10000
Time (second) used for this FC:          540.06

Descriptor Identification (DI) starts ...
Total number of SIS-selected features for this DI:      20000
 
  2D descriptor/model(y=sum(ci*di)+c0) : 
================================================================================
     d001 = (((feature1-feature5)*feature15)+((feature10-feature17)*(feature12+feature17)))    feature_ID:000261
     d002 = (((feature10-feature4)*(feature10-feature13))*((feature12-feature18)*feature13))    feature_ID:010020
 
        coeff.(ci):     0.2046772560E+03   -0.1462756878E+04
                c0:     0.3380844607E+03
    RMSE and MaxAE:     0.3275075843E+02    0.8538121335E+02
================================================================================
Time (second) used for this DI:           29.75
Total time (second):         1109.32
Have a nice day !    

