****************************************************************
  Sure Independence Screening and Sparsifying Operator (SISSO)  
             Version SISSO.3.5, August, 2024.                
****************************************************************

Read in data from train.dat
Standard Deviation (sqrt[sum(y-y_mean)^2/n]) of the target property:  10.67404
Read in data from SISSO.in
Property type:     1
Number of tasks:        1
Descriptor dimension:        2
Number of samples for the task(s):     42
Restarts :  0
Scheme for feature storing in memory:        1
Number of scalar features:       18
Tier of the feature space (max depth of expression tree):        3
Maximal feature complexity (number of operators in a feature):        6
Unit of input primary feature, each represented by a row vector: 
    1.00
    1.00
    1.00
    1.00
    1.00
    1.00
    1.00
    1.00
    1.00
    1.00
    1.00
    1.00
    1.00
    1.00
    1.00
    1.00
    1.00
    1.00
The feature will be discarded if the minimum of the maximal abs. value in it <    0.10000E-02
The faature will be discarded if the maximum of the maximal abs. value in it >     0.10000E+06
Size of the SIS-selected (single) subspace :  10000 10000
Operators for feature construction: (+)(-)(*) (+)(-)(*) (+)(-)(*) 
Method for sparse regression:  L0        
Fitting intercept:      T
Metric for model selection: RMSE
Number of the top-ranked models to output:      100
--------------------------------------------------------------------------------

Dimension:   1
-------------------
Feature Construction (FC) starts ...
Total number of features in the space Phi00:             18
Total number of features in the space Phi01:            559
Total number of features in the space Phi02:         141141
Total number of features in the space Phi03:     2767941035
Size of the SIS-selected subspace from Phi03:      10000
Time (second) used for this FC:          292.80

Descriptor Identification (DI) starts ...
Total number of SIS-selected features for this DI:      10000
Time (second) used for this DI:            0.13

Dimension:   2
-------------------
Feature Construction (FC) starts ...
Total number of features in the space Phi00:             18
Total number of features in the space Phi01:            559
Total number of features in the space Phi02:         141141
Total number of features in the space Phi03:     2767941035
Size of the SIS-selected subspace from Phi03:      10000
Time (second) used for this FC:          293.82

Descriptor Identification (DI) starts ...
Total number of SIS-selected features for this DI:      20000
 
  2D descriptor/model(y=sum(ci*di)+c0) : 
================================================================================
     d001 = (((feature11+feature14)+(feature14-feature17))*((feature13+feature17)-feature18))    feature_ID:000001
     d002 = (((feature1+feature13)+(feature2-feature11))*((feature11+feature12)-feature15))    feature_ID:010276
 
        coeff.(ci):     0.2294729989E+02   -0.1345760885E+02
                c0:     0.4283383347E+01
    RMSE and MaxAE:     0.4440603803E+01    0.1397066470E+02
================================================================================
Time (second) used for this DI:           30.01
Total time (second):          616.91
Have a nice day !    

