****************************************************************
  Sure Independence Screening and Sparsifying Operator (SISSO)  
             Version SISSO.3.5, August, 2024.                
****************************************************************

Read in data from train.dat
Standard Deviation (sqrt[sum(y-y_mean)^2/n]) of the target property:  23.35002
Read in data from SISSO.in
Property type:     1
Number of tasks:        1
Descriptor dimension:        2
Number of samples for the task(s):     42
Restarts :  0
Scheme for feature storing in memory:        1
Number of scalar features:       21
Tier of the feature space (max depth of expression tree):        3
Maximal feature complexity (number of operators in a feature):        6
Unit of input primary feature, each represented by a row vector: 
    1.00
    1.00
    1.00
    1.00
    1.00
    1.00
    1.00
    1.00
    1.00
    1.00
    1.00
    1.00
    1.00
    1.00
    1.00
    1.00
    1.00
    1.00
    1.00
    1.00
    1.00
The feature will be discarded if the minimum of the maximal abs. value in it <    0.10000E-02
The faature will be discarded if the maximum of the maximal abs. value in it >     0.10000E+06
Size of the SIS-selected (single) subspace :  10000 10000
Operators for feature construction: (+)(-)(*) (+)(-)(*) (+)(-)(*) 
Method for sparse regression:  L0        
Fitting intercept:      T
Metric for model selection: RMSE
Number of the top-ranked models to output:      100
--------------------------------------------------------------------------------

Dimension:   1
-------------------
Feature Construction (FC) starts ...
Total number of features in the space Phi00:             21
Total number of features in the space Phi01:            765
Total number of features in the space Phi02:         262111
Total number of features in the space Phi03:     8187651843
Size of the SIS-selected subspace from Phi03:      10000
Time (second) used for this FC:          900.14

Descriptor Identification (DI) starts ...
Total number of SIS-selected features for this DI:      10000
Time (second) used for this DI:            0.13

Dimension:   2
-------------------
Feature Construction (FC) starts ...
Total number of features in the space Phi00:             21
Total number of features in the space Phi01:            765
Total number of features in the space Phi02:         262111
Total number of features in the space Phi03:     8187651843
Size of the SIS-selected subspace from Phi03:      10000
Time (second) used for this FC:          901.28

Descriptor Identification (DI) starts ...
Total number of SIS-selected features for this DI:      20000
 
  2D descriptor/model(y=sum(ci*di)+c0) : 
================================================================================
     d001 = (((feature11+feature18)+(feature20+feature21))+((feature20-feature13)+feature8))    feature_ID:002963
     d002 = (((feature3-feature7)*(feature13-feature21))+((feature21-feature19)*feature20))    feature_ID:011874
 
        coeff.(ci):    -0.2439039158E+02    0.1227008254E+03
                c0:     0.8096256364E+02
    RMSE and MaxAE:     0.8509387269E+01    0.2020044253E+02
================================================================================
Time (second) used for this DI:           30.35
Total time (second):         1832.06
Have a nice day !    

