****************************************************************
  Sure Independence Screening and Sparsifying Operator (SISSO)  
             Version SISSO.3.5, August, 2024.                
****************************************************************

Read in data from train.dat
Standard Deviation (sqrt[sum(y-y_mean)^2/n]) of the target property:  23.85681
Read in data from SISSO.in
Property type:     1
Number of tasks:        1
Descriptor dimension:        2
Number of samples for the task(s):     35
Restarts :  0
Scheme for feature storing in memory:        1
Number of scalar features:       21
Tier of the feature space (max depth of expression tree):        3
Maximal feature complexity (number of operators in a feature):        6
Unit of input primary feature, each represented by a row vector: 
    1.00
    1.00
    1.00
    1.00
    1.00
    1.00
    1.00
    1.00
    1.00
    1.00
    1.00
    1.00
    1.00
    1.00
    1.00
    1.00
    1.00
    1.00
    1.00
    1.00
    1.00
The feature will be discarded if the minimum of the maximal abs. value in it <    0.10000E-02
The faature will be discarded if the maximum of the maximal abs. value in it >     0.10000E+06
Size of the SIS-selected (single) subspace :  10000 10000
Operators for feature construction: (+)(-)(*) (+)(-)(*) (+)(-)(*) 
Method for sparse regression:  L0        
Fitting intercept:      T
Metric for model selection: RMSE
Number of the top-ranked models to output:      100
--------------------------------------------------------------------------------

Dimension:   1
-------------------
Feature Construction (FC) starts ...
Total number of features in the space Phi00:             21
Total number of features in the space Phi01:            693
Total number of features in the space Phi02:         217189
Total number of features in the space Phi03:     5891421573
Size of the SIS-selected subspace from Phi03:      10000
Time (second) used for this FC:          586.90

Descriptor Identification (DI) starts ...
Total number of SIS-selected features for this DI:      10000
Time (second) used for this DI:            0.11

Dimension:   2
-------------------
Feature Construction (FC) starts ...
Total number of features in the space Phi00:             21
Total number of features in the space Phi01:            693
Total number of features in the space Phi02:         217189
Total number of features in the space Phi03:     5891421573
Size of the SIS-selected subspace from Phi03:      10000
Time (second) used for this FC:          588.68

Descriptor Identification (DI) starts ...
Total number of SIS-selected features for this DI:      20000
 
  2D descriptor/model(y=sum(ci*di)+c0) : 
================================================================================
     d001 = (((feature3+feature21)*(feature15-feature19))-((feature14+feature20)*feature15))    feature_ID:000434
     d002 = (((feature15-feature20)+(feature19-feature20))*((feature19-feature21)-feature7))    feature_ID:016429
 
        coeff.(ci):     0.6553476346E+02    0.8572195146E+02
                c0:     0.8207522352E+02
    RMSE and MaxAE:     0.8169029841E+01    0.1854465089E+02
================================================================================
Time (second) used for this DI:           25.89
Total time (second):         1201.63
Have a nice day !    

