****************************************************************
  Sure Independence Screening and Sparsifying Operator (SISSO)  
             Version SISSO.3.5, August, 2024.                
****************************************************************

Read in data from train.dat
Standard Deviation (sqrt[sum(y-y_mean)^2/n]) of the target property:  91.97013
Read in data from SISSO.in
Property type:     1
Number of tasks:        1
Descriptor dimension:        2
Number of samples for the task(s):     42
Restarts :  0
Scheme for feature storing in memory:        1
Number of scalar features:       18
Tier of the feature space (max depth of expression tree):        3
Maximal feature complexity (number of operators in a feature):        6
Unit of input primary feature, each represented by a row vector: 
    1.00
    1.00
    1.00
    1.00
    1.00
    1.00
    1.00
    1.00
    1.00
    1.00
    1.00
    1.00
    1.00
    1.00
    1.00
    1.00
    1.00
    1.00
The feature will be discarded if the minimum of the maximal abs. value in it <    0.10000E-02
The faature will be discarded if the maximum of the maximal abs. value in it >     0.10000E+06
Size of the SIS-selected (single) subspace :  10000 10000
Operators for feature construction: (+)(-)(*) (+)(-)(*) (+)(-)(*) 
Method for sparse regression:  L0        
Fitting intercept:      T
Metric for model selection: RMSE
Number of the top-ranked models to output:      100
--------------------------------------------------------------------------------

Dimension:   1
-------------------
Feature Construction (FC) starts ...
Total number of features in the space Phi00:             18
Total number of features in the space Phi01:            553
Total number of features in the space Phi02:         134343
Total number of features in the space Phi03:     2575600637
Size of the SIS-selected subspace from Phi03:      10000
Time (second) used for this FC:          254.26

Descriptor Identification (DI) starts ...
Total number of SIS-selected features for this DI:      10000
Time (second) used for this DI:            0.11

Dimension:   2
-------------------
Feature Construction (FC) starts ...
Total number of features in the space Phi00:             18
Total number of features in the space Phi01:            553
Total number of features in the space Phi02:         134343
Total number of features in the space Phi03:     2575600637
Size of the SIS-selected subspace from Phi03:      10000
Time (second) used for this FC:          254.32

Descriptor Identification (DI) starts ...
Total number of SIS-selected features for this DI:      20000
 
  2D descriptor/model(y=sum(ci*di)+c0) : 
================================================================================
     d001 = (((feature1+feature17)+(feature17-feature14))+((feature18-feature14)-feature14))    feature_ID:000257
     d002 = (((feature14-feature4)*feature13)+((feature14-feature16)*(feature16-feature17)))    feature_ID:013777
 
        coeff.(ci):    -0.9167974317E+02    0.2498554324E+03
                c0:     0.3281937089E+03
    RMSE and MaxAE:     0.2990830214E+02    0.9438897391E+02
================================================================================
Time (second) used for this DI:           27.76
Total time (second):          536.66
Have a nice day !    

